Thu Jul 30 04:01:10 UTC 2026 -> Add data lock for glibc x86-64 build status data to be written
Fri Jul 31 04:09:06 UTC 2026 -> Add data lock for glibc x86-64 build status data to be written
Sat Aug  1 04:08:18 UTC 2026 -> Add data lock for glibc x86-64 build status data to be written
Sun Aug  2 04:12:19 UTC 2026 -> Add data lock for glibc x86-64 build status data to be written
Mon Aug  3 04:13:39 UTC 2026 -> Add data lock for glibc x86-64 build status data to be written
Sat Aug  8 07:23:29 UTC 2026 -> Add data lock for nightly all build status data to be written
Sat Aug  8 10:09:35 UTC 2026 -> Add data lock for nightly all build status data to be written
Sun Aug  9 07:24:58 UTC 2026 -> Add data lock for nightly all build status data to be written
Sun Aug  9 08:37:09 UTC 2026 -> Add data lock for nightly all build status data to be written
Mon Aug 10 07:34:46 UTC 2026 -> Add data lock for nightly all build status data to be written
Mon Aug 10 09:13:44 UTC 2026 -> Add data lock for nightly all build status data to be written
Tue Aug 11 07:30:07 UTC 2026 -> Add data lock for nightly all build status data to be written
Tue Aug 11 10:15:54 UTC 2026 -> Add data lock for nightly all build status data to be written
Wed Aug 12 07:33:23 UTC 2026 -> Add data lock for nightly all build status data to be written
Wed Aug 12 10:35:10 UTC 2026 -> Add data lock for nightly all build status data to be written
Fri Aug 21 07:20:17 UTC 2026 -> Add data lock for nightly all build status data to be written
Fri Aug 21 10:26:39 UTC 2026 -> Add data lock for nightly all build status data to be written
Sat Aug 22 07:15:18 UTC 2026 -> Add data lock for nightly all build status data to be written
Sat Aug 22 09:57:34 UTC 2026 -> Add data lock for nightly all build status data to be written
Sun Aug 23 07:16:31 UTC 2026 -> Add data lock for nightly all build status data to be written
Sun Aug 23 10:21:01 UTC 2026 -> Add data lock for nightly all build status data to be written
Wed Sep  9 23:19:27 UTC 2026 -> Add data lock for picolibc hexagon build status data to be written
Wed Sep  9 23:19:43 UTC 2026 -> Add data lock for picolibc riscv64 build status data to be written
Wed Sep  9 23:19:46 UTC 2026 -> Add data lock for picolibc riscv32 build status data to be written
Wed Sep  9 23:19:56 UTC 2026 -> Add data lock for picolibc aarch64 build status data to be written
Wed Sep  9 23:20:13 UTC 2026 -> Add data lock for picolibc arm build status data to be written
Wed Sep  9 23:20:56 UTC 2026 -> Add data lock for picolibc riscv64 build status data to be written
Wed Sep  9 23:21:05 UTC 2026 -> Add data lock for picolibc aarch64 build status data to be written
Wed Sep  9 23:21:10 UTC 2026 -> Add data lock for picolibc x86_64 build status data to be written
Wed Sep  9 23:21:28 UTC 2026 -> Add data lock for picolibc arm build status data to be written
Wed Sep  9 23:23:43 UTC 2026 -> Add data lock for picolibc riscv32 build status data to be written
Wed Sep  9 23:25:31 UTC 2026 -> Add data lock for picolibc x86_64 build status data to be written
Wed Sep  9 23:28:37 UTC 2026 -> Add data lock for picolibc hexagon build status data to be written
Thu Sep 10 07:12:49 UTC 2026 -> Add data lock for nightly all build status data to be written
Thu Sep 10 10:37:15 UTC 2026 -> Add data lock for nightly all build status data to be written
Fri Sep 11 07:12:39 UTC 2026 -> Add data lock for nightly all build status data to be written
Fri Sep 11 08:57:07 UTC 2026 -> Add data lock for nightly all build status data to be written
Fri Sep 11 08:58:41 UTC 2026 -> Add data lock for picolibc riscv64 build status data to be written
Fri Sep 11 08:58:57 UTC 2026 -> Add data lock for picolibc x86_64 build status data to be written
Fri Sep 11 08:59:09 UTC 2026 -> Add data lock for picolibc arm build status data to be written
Fri Sep 11 08:59:22 UTC 2026 -> Add data lock for picolibc riscv32 build status data to be written
Fri Sep 11 08:59:27 UTC 2026 -> Add data lock for picolibc aarch64 build status data to be written
Fri Sep 11 08:59:58 UTC 2026 -> Add data lock for picolibc riscv64 build status data to be written
Fri Sep 11 09:00:25 UTC 2026 -> Add data lock for picolibc arm build status data to be written
Fri Sep 11 09:00:49 UTC 2026 -> Add data lock for picolibc aarch64 build status data to be written
Fri Sep 11 09:01:42 UTC 2026 -> Add data lock for picolibc x86_64 build status data to be written
Fri Sep 11 09:02:58 UTC 2026 -> Add data lock for picolibc riscv32 build status data to be written
Fri Sep 11 09:07:16 UTC 2026 -> Add data lock for picolibc hexagon build status data to be written
Sat Sep 12 07:11:14 UTC 2026 -> Add data lock for nightly all build status data to be written
Sat Sep 12 09:56:32 UTC 2026 -> Add data lock for nightly all build status data to be written
Sat Sep 12 09:57:24 UTC 2026 -> Add data lock for picolibc arm build status data to be written
Sat Sep 12 09:57:41 UTC 2026 -> Add data lock for picolibc aarch64 build status data to be written
Sat Sep 12 09:57:55 UTC 2026 -> Add data lock for picolibc riscv64 build status data to be written
Sat Sep 12 09:57:58 UTC 2026 -> Add data lock for picolibc x86_64 build status data to be written
Sat Sep 12 09:58:16 UTC 2026 -> Add data lock for picolibc riscv32 build status data to be written
Sat Sep 12 09:58:34 UTC 2026 -> Add picolibc hexagon build status data in DB
